ERROR: File not found: ./nonexistent.ifc
✅ Loaded environment from /Users/stefandaniels/Documents/BIMAI/BIMAI_V3/agent_system4/agent_system5/.env
✅ ANTHROPIC_API_KEY: sk-ant-a...UwAA
✅ DASHBOARD_URL: http://localhost:4000

============================================================
ORCHESTRATOR AUTOMATED TEST SUITE
============================================================
✅ Dashboard detected at http://localhost:4000

Starting tests...


============================================================
TEST 1: File Validation
============================================================

Configuration:
  Session ID: test-validation-auto
  IFC File:   ./nonexistent.ifc (does not exist)

Expected: Error handling without crash


✅ File validation working

============================================================
TEST 2: Simple Query
============================================================

Configuration:
  Session ID: test-simple-auto
  IFC File:   ../Small_condo.ifc
  Query:      'How many structural elements?'

Expected: Parse IFC → Return element count

------------------------------------------------------------
------------------------------------------------------------

✅ Orchestrator completed

📁 Session context: workspace/.context/Small_condo_test-sim

============================================================
TEST SUMMARY
============================================================
✅ PASS: File validation
✅ PASS: Simple query

✅ All tests passed!

Next steps:
  1. Review workspace/.context/ for session outputs
  2. Check dashboard for event timeline
  3. Proceed to full workflow testing
